Archive member included to satisfy reference by file (symbol)

/usr/local/Cellar/avr-gcc/9.3.0/lib/avr-gcc/9/gcc/avr/9.3.0/avr5/libgcc.a(_udivmodqi4.o)
                              USART.o (__udivmodqi4)
/usr/local/Cellar/avr-gcc/9.3.0/lib/avr-gcc/9/gcc/avr/9.3.0/avr5/libgcc.a(_udivmodhi4.o)
                              USART.o (__udivmodhi4)
/usr/local/Cellar/avr-gcc/9.3.0/lib/avr-gcc/9/gcc/avr/9.3.0/avr5/libgcc.a(_exit.o)
                              /usr/local/Cellar/avr-gcc/9.3.0/lib/avr-gcc/9/gcc/avr/9.3.0/../../../../../../avr/lib/avr5/crtatmega168.o (exit)
/usr/local/Cellar/avr-gcc/9.3.0/lib/avr-gcc/9/gcc/avr/9.3.0/avr5/libgcc.a(_copy_data.o)
                              assign_5.o (__do_copy_data)
/usr/local/Cellar/avr-gcc/9.3.0/lib/avr-gcc/9/gcc/avr/9.3.0/avr5/libgcc.a(_clear_bss.o)
                              assign_5.o (__do_clear_bss)
/usr/local/Cellar/avr-gcc/9.3.0/lib/avr-gcc/9/gcc/avr/9.3.0/../../../../../../avr/lib/avr5/libc.a(strcat.o)
                              assign_5.o (strcat)
/usr/local/Cellar/avr-gcc/9.3.0/lib/avr-gcc/9/gcc/avr/9.3.0/../../../../../../avr/lib/avr5/libc.a(sprintf.o)
                              assign_5.o (sprintf)
/usr/local/Cellar/avr-gcc/9.3.0/lib/avr-gcc/9/gcc/avr/9.3.0/../../../../../../avr/lib/avr5/libc.a(vfprintf_std.o)
                              /usr/local/Cellar/avr-gcc/9.3.0/lib/avr-gcc/9/gcc/avr/9.3.0/../../../../../../avr/lib/avr5/libc.a(sprintf.o) (vfprintf)
/usr/local/Cellar/avr-gcc/9.3.0/lib/avr-gcc/9/gcc/avr/9.3.0/../../../../../../avr/lib/avr5/libc.a(strnlen_P.o)
                              /usr/local/Cellar/avr-gcc/9.3.0/lib/avr-gcc/9/gcc/avr/9.3.0/../../../../../../avr/lib/avr5/libc.a(vfprintf_std.o) (strnlen_P)
/usr/local/Cellar/avr-gcc/9.3.0/lib/avr-gcc/9/gcc/avr/9.3.0/../../../../../../avr/lib/avr5/libc.a(strnlen.o)
                              /usr/local/Cellar/avr-gcc/9.3.0/lib/avr-gcc/9/gcc/avr/9.3.0/../../../../../../avr/lib/avr5/libc.a(vfprintf_std.o) (strnlen)
/usr/local/Cellar/avr-gcc/9.3.0/lib/avr-gcc/9/gcc/avr/9.3.0/../../../../../../avr/lib/avr5/libc.a(fputc.o)
                              /usr/local/Cellar/avr-gcc/9.3.0/lib/avr-gcc/9/gcc/avr/9.3.0/../../../../../../avr/lib/avr5/libc.a(vfprintf_std.o) (fputc)
/usr/local/Cellar/avr-gcc/9.3.0/lib/avr-gcc/9/gcc/avr/9.3.0/../../../../../../avr/lib/avr5/libc.a(ultoa_invert.o)
                              /usr/local/Cellar/avr-gcc/9.3.0/lib/avr-gcc/9/gcc/avr/9.3.0/../../../../../../avr/lib/avr5/libc.a(vfprintf_std.o) (__ultoa_invert)
/usr/local/Cellar/avr-gcc/9.3.0/lib/avr-gcc/9/gcc/avr/9.3.0/avr5/libgcc.a(_prologue.o)
                              /usr/local/Cellar/avr-gcc/9.3.0/lib/avr-gcc/9/gcc/avr/9.3.0/../../../../../../avr/lib/avr5/libc.a(sprintf.o) (__prologue_saves__)
/usr/local/Cellar/avr-gcc/9.3.0/lib/avr-gcc/9/gcc/avr/9.3.0/avr5/libgcc.a(_epilogue.o)
                              /usr/local/Cellar/avr-gcc/9.3.0/lib/avr-gcc/9/gcc/avr/9.3.0/../../../../../../avr/lib/avr5/libc.a(sprintf.o) (__epilogue_restores__)

Allocating common symbols
Common symbol       size              file

num                 0x2               assign_5.o
lastChar            0x1               assign_5.o

Discarded input sections

 .data          0x0000000000000000        0x0 /usr/local/Cellar/avr-gcc/9.3.0/lib/avr-gcc/9/gcc/avr/9.3.0/../../../../../../avr/lib/avr5/crtatmega168.o
 .bss           0x0000000000000000        0x0 /usr/local/Cellar/avr-gcc/9.3.0/lib/avr-gcc/9/gcc/avr/9.3.0/../../../../../../avr/lib/avr5/crtatmega168.o
 .text          0x0000000000000000        0x0 USART.o
 .data          0x0000000000000000        0x0 USART.o
 .bss           0x0000000000000000        0x0 USART.o
 .text.readString
                0x0000000000000000       0x58 USART.o
 .text.printWord
                0x0000000000000000       0x7e USART.o
 .text.printBinaryByte
                0x0000000000000000       0x44 USART.o
 .text.nibbleToHexCharacter
                0x0000000000000000        0xc USART.o
 .text.printHexByte
                0x0000000000000000       0x1e USART.o
 .text.getNumber
                0x0000000000000000       0x46 USART.o
 .text          0x0000000000000000        0x0 assign_5.o
 .data          0x0000000000000000        0x0 assign_5.o
 .bss           0x0000000000000000        0x0 assign_5.o
 .text          0x0000000000000000        0x0 /usr/local/Cellar/avr-gcc/9.3.0/lib/avr-gcc/9/gcc/avr/9.3.0/avr5/libgcc.a(_udivmodqi4.o)
 .data          0x0000000000000000        0x0 /usr/local/Cellar/avr-gcc/9.3.0/lib/avr-gcc/9/gcc/avr/9.3.0/avr5/libgcc.a(_udivmodqi4.o)
 .bss           0x0000000000000000        0x0 /usr/local/Cellar/avr-gcc/9.3.0/lib/avr-gcc/9/gcc/avr/9.3.0/avr5/libgcc.a(_udivmodqi4.o)
 .text.libgcc.mul
                0x0000000000000000        0x0 /usr/local/Cellar/avr-gcc/9.3.0/lib/avr-gcc/9/gcc/avr/9.3.0/avr5/libgcc.a(_udivmodqi4.o)
 .text.libgcc   0x0000000000000000        0x0 /usr/local/Cellar/avr-gcc/9.3.0/lib/avr-gcc/9/gcc/avr/9.3.0/avr5/libgcc.a(_udivmodqi4.o)
 .text.libgcc.prologue
                0x0000000000000000        0x0 /usr/local/Cellar/avr-gcc/9.3.0/lib/avr-gcc/9/gcc/avr/9.3.0/avr5/libgcc.a(_udivmodqi4.o)
 .text.libgcc.builtins
                0x0000000000000000        0x0 /usr/local/Cellar/avr-gcc/9.3.0/lib/avr-gcc/9/gcc/avr/9.3.0/avr5/libgcc.a(_udivmodqi4.o)
 .text.libgcc.fmul
                0x0000000000000000        0x0 /usr/local/Cellar/avr-gcc/9.3.0/lib/avr-gcc/9/gcc/avr/9.3.0/avr5/libgcc.a(_udivmodqi4.o)
 .text.libgcc.fixed
                0x0000000000000000        0x0 /usr/local/Cellar/avr-gcc/9.3.0/lib/avr-gcc/9/gcc/avr/9.3.0/avr5/libgcc.a(_udivmodqi4.o)
 .text          0x0000000000000000        0x0 /usr/local/Cellar/avr-gcc/9.3.0/lib/avr-gcc/9/gcc/avr/9.3.0/avr5/libgcc.a(_udivmodhi4.o)
 .data          0x0000000000000000        0x0 /usr/local/Cellar/avr-gcc/9.3.0/lib/avr-gcc/9/gcc/avr/9.3.0/avr5/libgcc.a(_udivmodhi4.o)
 .bss           0x0000000000000000        0x0 /usr/local/Cellar/avr-gcc/9.3.0/lib/avr-gcc/9/gcc/avr/9.3.0/avr5/libgcc.a(_udivmodhi4.o)
 .text.libgcc.mul
                0x0000000000000000        0x0 /usr/local/Cellar/avr-gcc/9.3.0/lib/avr-gcc/9/gcc/avr/9.3.0/avr5/libgcc.a(_udivmodhi4.o)
 .text.libgcc.div
                0x0000000000000000       0x28 /usr/local/Cellar/avr-gcc/9.3.0/lib/avr-gcc/9/gcc/avr/9.3.0/avr5/libgcc.a(_udivmodhi4.o)
 .text.libgcc   0x0000000000000000        0x0 /usr/local/Cellar/avr-gcc/9.3.0/lib/avr-gcc/9/gcc/avr/9.3.0/avr5/libgcc.a(_udivmodhi4.o)
 .text.libgcc.prologue
                0x0000000000000000        0x0 /usr/local/Cellar/avr-gcc/9.3.0/lib/avr-gcc/9/gcc/avr/9.3.0/avr5/libgcc.a(_udivmodhi4.o)
 .text.libgcc.builtins
                0x0000000000000000        0x0 /usr/local/Cellar/avr-gcc/9.3.0/lib/avr-gcc/9/gcc/avr/9.3.0/avr5/libgcc.a(_udivmodhi4.o)
 .text.libgcc.fmul
                0x0000000000000000        0x0 /usr/local/Cellar/avr-gcc/9.3.0/lib/avr-gcc/9/gcc/avr/9.3.0/avr5/libgcc.a(_udivmodhi4.o)
 .text.libgcc.fixed
                0x0000000000000000        0x0 /usr/local/Cellar/avr-gcc/9.3.0/lib/avr-gcc/9/gcc/avr/9.3.0/avr5/libgcc.a(_udivmodhi4.o)
 .debug_line    0x0000000000000000       0xcd /usr/local/Cellar/avr-gcc/9.3.0/lib/avr-gcc/9/gcc/avr/9.3.0/avr5/libgcc.a(_udivmodhi4.o)
 .debug_info    0x0000000000000000       0x26 /usr/local/Cellar/avr-gcc/9.3.0/lib/avr-gcc/9/gcc/avr/9.3.0/avr5/libgcc.a(_udivmodhi4.o)
 .debug_abbrev  0x0000000000000000       0x14 /usr/local/Cellar/avr-gcc/9.3.0/lib/avr-gcc/9/gcc/avr/9.3.0/avr5/libgcc.a(_udivmodhi4.o)
 .debug_aranges
                0x0000000000000000       0x20 /usr/local/Cellar/avr-gcc/9.3.0/lib/avr-gcc/9/gcc/avr/9.3.0/avr5/libgcc.a(_udivmodhi4.o)
 .debug_str     0x0000000000000000       0x82 /usr/local/Cellar/avr-gcc/9.3.0/lib/avr-gcc/9/gcc/avr/9.3.0/avr5/libgcc.a(_udivmodhi4.o)
 .text          0x0000000000000000        0x0 /usr/local/Cellar/avr-gcc/9.3.0/lib/avr-gcc/9/gcc/avr/9.3.0/avr5/libgcc.a(_exit.o)
 .data          0x0000000000000000        0x0 /usr/local/Cellar/avr-gcc/9.3.0/lib/avr-gcc/9/gcc/avr/9.3.0/avr5/libgcc.a(_exit.o)
 .bss           0x0000000000000000        0x0 /usr/local/Cellar/avr-gcc/9.3.0/lib/avr-gcc/9/gcc/avr/9.3.0/avr5/libgcc.a(_exit.o)
 .text.libgcc.mul
                0x0000000000000000        0x0 /usr/local/Cellar/avr-gcc/9.3.0/lib/avr-gcc/9/gcc/avr/9.3.0/avr5/libgcc.a(_exit.o)
 .text.libgcc.div
                0x0000000000000000        0x0 /usr/local/Cellar/avr-gcc/9.3.0/lib/avr-gcc/9/gcc/avr/9.3.0/avr5/libgcc.a(_exit.o)
 .text.libgcc   0x0000000000000000        0x0 /usr/local/Cellar/avr-gcc/9.3.0/lib/avr-gcc/9/gcc/avr/9.3.0/avr5/libgcc.a(_exit.o)
 .text.libgcc.prologue
                0x0000000000000000        0x0 /usr/local/Cellar/avr-gcc/9.3.0/lib/avr-gcc/9/gcc/avr/9.3.0/avr5/libgcc.a(_exit.o)
 .text.libgcc.builtins
                0x0000000000000000        0x0 /usr/local/Cellar/avr-gcc/9.3.0/lib/avr-gcc/9/gcc/avr/9.3.0/avr5/libgcc.a(_exit.o)
 .text.libgcc.fmul
                0x0000000000000000        0x0 /usr/local/Cellar/avr-gcc/9.3.0/lib/avr-gcc/9/gcc/avr/9.3.0/avr5/libgcc.a(_exit.o)
 .text.libgcc.fixed
                0x0000000000000000        0x0 /usr/local/Cellar/avr-gcc/9.3.0/lib/avr-gcc/9/gcc/avr/9.3.0/avr5/libgcc.a(_exit.o)
 .text          0x0000000000000000        0x0 /usr/local/Cellar/avr-gcc/9.3.0/lib/avr-gcc/9/gcc/avr/9.3.0/avr5/libgcc.a(_copy_data.o)
 .data          0x0000000000000000        0x0 /usr/local/Cellar/avr-gcc/9.3.0/lib/avr-gcc/9/gcc/avr/9.3.0/avr5/libgcc.a(_copy_data.o)
 .bss           0x0000000000000000        0x0 /usr/local/Cellar/avr-gcc/9.3.0/lib/avr-gcc/9/gcc/avr/9.3.0/avr5/libgcc.a(_copy_data.o)
 .text.libgcc.mul
                0x0000000000000000        0x0 /usr/local/Cellar/avr-gcc/9.3.0/lib/avr-gcc/9/gcc/avr/9.3.0/avr5/libgcc.a(_copy_data.o)
 .text.libgcc.div
                0x0000000000000000        0x0 /usr/local/Cellar/avr-gcc/9.3.0/lib/avr-gcc/9/gcc/avr/9.3.0/avr5/libgcc.a(_copy_data.o)
 .text.libgcc   0x0000000000000000        0x0 /usr/local/Cellar/avr-gcc/9.3.0/lib/avr-gcc/9/gcc/avr/9.3.0/avr5/libgcc.a(_copy_data.o)
 .text.libgcc.prologue
                0x0000000000000000        0x0 /usr/local/Cellar/avr-gcc/9.3.0/lib/avr-gcc/9/gcc/avr/9.3.0/avr5/libgcc.a(_copy_data.o)
 .text.libgcc.builtins
                0x0000000000000000        0x0 /usr/local/Cellar/avr-gcc/9.3.0/lib/avr-gcc/9/gcc/avr/9.3.0/avr5/libgcc.a(_copy_data.o)
 .text.libgcc.fmul
                0x0000000000000000        0x0 /usr/local/Cellar/avr-gcc/9.3.0/lib/avr-gcc/9/gcc/avr/9.3.0/avr5/libgcc.a(_copy_data.o)
 .text.libgcc.fixed
                0x0000000000000000        0x0 /usr/local/Cellar/avr-gcc/9.3.0/lib/avr-gcc/9/gcc/avr/9.3.0/avr5/libgcc.a(_copy_data.o)
 .text          0x0000000000000000        0x0 /usr/local/Cellar/avr-gcc/9.3.0/lib/avr-gcc/9/gcc/avr/9.3.0/avr5/libgcc.a(_clear_bss.o)
 .data          0x0000000000000000        0x0 /usr/local/Cellar/avr-gcc/9.3.0/lib/avr-gcc/9/gcc/avr/9.3.0/avr5/libgcc.a(_clear_bss.o)
 .bss           0x0000000000000000        0x0 /usr/local/Cellar/avr-gcc/9.3.0/lib/avr-gcc/9/gcc/avr/9.3.0/avr5/libgcc.a(_clear_bss.o)
 .text.libgcc.mul
                0x0000000000000000        0x0 /usr/local/Cellar/avr-gcc/9.3.0/lib/avr-gcc/9/gcc/avr/9.3.0/avr5/libgcc.a(_clear_bss.o)
 .text.libgcc.div
                0x0000000000000000        0x0 /usr/local/Cellar/avr-gcc/9.3.0/lib/avr-gcc/9/gcc/avr/9.3.0/avr5/libgcc.a(_clear_bss.o)
 .text.libgcc   0x0000000000000000        0x0 /usr/local/Cellar/avr-gcc/9.3.0/lib/avr-gcc/9/gcc/avr/9.3.0/avr5/libgcc.a(_clear_bss.o)
 .text.libgcc.prologue
                0x0000000000000000        0x0 /usr/local/Cellar/avr-gcc/9.3.0/lib/avr-gcc/9/gcc/avr/9.3.0/avr5/libgcc.a(_clear_bss.o)
 .text.libgcc.builtins
                0x0000000000000000        0x0 /usr/local/Cellar/avr-gcc/9.3.0/lib/avr-gcc/9/gcc/avr/9.3.0/avr5/libgcc.a(_clear_bss.o)
 .text.libgcc.fmul
                0x0000000000000000        0x0 /usr/local/Cellar/avr-gcc/9.3.0/lib/avr-gcc/9/gcc/avr/9.3.0/avr5/libgcc.a(_clear_bss.o)
 .text.libgcc.fixed
                0x0000000000000000        0x0 /usr/local/Cellar/avr-gcc/9.3.0/lib/avr-gcc/9/gcc/avr/9.3.0/avr5/libgcc.a(_clear_bss.o)
 .text          0x0000000000000000        0x0 /usr/local/Cellar/avr-gcc/9.3.0/lib/avr-gcc/9/gcc/avr/9.3.0/../../../../../../avr/lib/avr5/libc.a(strcat.o)
 .data          0x0000000000000000        0x0 /usr/local/Cellar/avr-gcc/9.3.0/lib/avr-gcc/9/gcc/avr/9.3.0/../../../../../../avr/lib/avr5/libc.a(strcat.o)
 .bss           0x0000000000000000        0x0 /usr/local/Cellar/avr-gcc/9.3.0/lib/avr-gcc/9/gcc/avr/9.3.0/../../../../../../avr/lib/avr5/libc.a(strcat.o)
 .text          0x0000000000000000        0x0 /usr/local/Cellar/avr-gcc/9.3.0/lib/avr-gcc/9/gcc/avr/9.3.0/../../../../../../avr/lib/avr5/libc.a(sprintf.o)
 .data          0x0000000000000000        0x0 /usr/local/Cellar/avr-gcc/9.3.0/lib/avr-gcc/9/gcc/avr/9.3.0/../../../../../../avr/lib/avr5/libc.a(sprintf.o)
 .bss           0x0000000000000000        0x0 /usr/local/Cellar/avr-gcc/9.3.0/lib/avr-gcc/9/gcc/avr/9.3.0/../../../../../../avr/lib/avr5/libc.a(sprintf.o)
 .text          0x0000000000000000        0x0 /usr/local/Cellar/avr-gcc/9.3.0/lib/avr-gcc/9/gcc/avr/9.3.0/../../../../../../avr/lib/avr5/libc.a(vfprintf_std.o)
 .data          0x0000000000000000        0x0 /usr/local/Cellar/avr-gcc/9.3.0/lib/avr-gcc/9/gcc/avr/9.3.0/../../../../../../avr/lib/avr5/libc.a(vfprintf_std.o)
 .bss           0x0000000000000000        0x0 /usr/local/Cellar/avr-gcc/9.3.0/lib/avr-gcc/9/gcc/avr/9.3.0/../../../../../../avr/lib/avr5/libc.a(vfprintf_std.o)
 .text          0x0000000000000000        0x0 /usr/local/Cellar/avr-gcc/9.3.0/lib/avr-gcc/9/gcc/avr/9.3.0/../../../../../../avr/lib/avr5/libc.a(strnlen_P.o)
 .data          0x0000000000000000        0x0 /usr/local/Cellar/avr-gcc/9.3.0/lib/avr-gcc/9/gcc/avr/9.3.0/../../../../../../avr/lib/avr5/libc.a(strnlen_P.o)
 .bss           0x0000000000000000        0x0 /usr/local/Cellar/avr-gcc/9.3.0/lib/avr-gcc/9/gcc/avr/9.3.0/../../../../../../avr/lib/avr5/libc.a(strnlen_P.o)
 .text          0x0000000000000000        0x0 /usr/local/Cellar/avr-gcc/9.3.0/lib/avr-gcc/9/gcc/avr/9.3.0/../../../../../../avr/lib/avr5/libc.a(strnlen.o)
 .data          0x0000000000000000        0x0 /usr/local/Cellar/avr-gcc/9.3.0/lib/avr-gcc/9/gcc/avr/9.3.0/../../../../../../avr/lib/avr5/libc.a(strnlen.o)
 .bss           0x0000000000000000        0x0 /usr/local/Cellar/avr-gcc/9.3.0/lib/avr-gcc/9/gcc/avr/9.3.0/../../../../../../avr/lib/avr5/libc.a(strnlen.o)
 .text          0x0000000000000000        0x0 /usr/local/Cellar/avr-gcc/9.3.0/lib/avr-gcc/9/gcc/avr/9.3.0/../../../../../../avr/lib/avr5/libc.a(fputc.o)
 .data          0x0000000000000000        0x0 /usr/local/Cellar/avr-gcc/9.3.0/lib/avr-gcc/9/gcc/avr/9.3.0/../../../../../../avr/lib/avr5/libc.a(fputc.o)
 .bss           0x0000000000000000        0x0 /usr/local/Cellar/avr-gcc/9.3.0/lib/avr-gcc/9/gcc/avr/9.3.0/../../../../../../avr/lib/avr5/libc.a(fputc.o)
 .text          0x0000000000000000        0x0 /usr/local/Cellar/avr-gcc/9.3.0/lib/avr-gcc/9/gcc/avr/9.3.0/../../../../../../avr/lib/avr5/libc.a(ultoa_invert.o)
 .data          0x0000000000000000        0x0 /usr/local/Cellar/avr-gcc/9.3.0/lib/avr-gcc/9/gcc/avr/9.3.0/../../../../../../avr/lib/avr5/libc.a(ultoa_invert.o)
 .bss           0x0000000000000000        0x0 /usr/local/Cellar/avr-gcc/9.3.0/lib/avr-gcc/9/gcc/avr/9.3.0/../../../../../../avr/lib/avr5/libc.a(ultoa_invert.o)
 .text          0x0000000000000000        0x0 /usr/local/Cellar/avr-gcc/9.3.0/lib/avr-gcc/9/gcc/avr/9.3.0/avr5/libgcc.a(_prologue.o)
 .data          0x0000000000000000        0x0 /usr/local/Cellar/avr-gcc/9.3.0/lib/avr-gcc/9/gcc/avr/9.3.0/avr5/libgcc.a(_prologue.o)
 .bss           0x0000000000000000        0x0 /usr/local/Cellar/avr-gcc/9.3.0/lib/avr-gcc/9/gcc/avr/9.3.0/avr5/libgcc.a(_prologue.o)
 .text.libgcc.mul
                0x0000000000000000        0x0 /usr/local/Cellar/avr-gcc/9.3.0/lib/avr-gcc/9/gcc/avr/9.3.0/avr5/libgcc.a(_prologue.o)
 .text.libgcc.div
                0x0000000000000000        0x0 /usr/local/Cellar/avr-gcc/9.3.0/lib/avr-gcc/9/gcc/avr/9.3.0/avr5/libgcc.a(_prologue.o)
 .text.libgcc   0x0000000000000000        0x0 /usr/local/Cellar/avr-gcc/9.3.0/lib/avr-gcc/9/gcc/avr/9.3.0/avr5/libgcc.a(_prologue.o)
 .text.libgcc.builtins
                0x0000000000000000        0x0 /usr/local/Cellar/avr-gcc/9.3.0/lib/avr-gcc/9/gcc/avr/9.3.0/avr5/libgcc.a(_prologue.o)
 .text.libgcc.fmul
                0x0000000000000000        0x0 /usr/local/Cellar/avr-gcc/9.3.0/lib/avr-gcc/9/gcc/avr/9.3.0/avr5/libgcc.a(_prologue.o)
 .text.libgcc.fixed
                0x0000000000000000        0x0 /usr/local/Cellar/avr-gcc/9.3.0/lib/avr-gcc/9/gcc/avr/9.3.0/avr5/libgcc.a(_prologue.o)
 .text          0x0000000000000000        0x0 /usr/local/Cellar/avr-gcc/9.3.0/lib/avr-gcc/9/gcc/avr/9.3.0/avr5/libgcc.a(_epilogue.o)
 .data          0x0000000000000000        0x0 /usr/local/Cellar/avr-gcc/9.3.0/lib/avr-gcc/9/gcc/avr/9.3.0/avr5/libgcc.a(_epilogue.o)
 .bss           0x0000000000000000        0x0 /usr/local/Cellar/avr-gcc/9.3.0/lib/avr-gcc/9/gcc/avr/9.3.0/avr5/libgcc.a(_epilogue.o)
 .text.libgcc.mul
                0x0000000000000000        0x0 /usr/local/Cellar/avr-gcc/9.3.0/lib/avr-gcc/9/gcc/avr/9.3.0/avr5/libgcc.a(_epilogue.o)
 .text.libgcc.div
                0x0000000000000000        0x0 /usr/local/Cellar/avr-gcc/9.3.0/lib/avr-gcc/9/gcc/avr/9.3.0/avr5/libgcc.a(_epilogue.o)
 .text.libgcc   0x0000000000000000        0x0 /usr/local/Cellar/avr-gcc/9.3.0/lib/avr-gcc/9/gcc/avr/9.3.0/avr5/libgcc.a(_epilogue.o)
 .text.libgcc.builtins
                0x0000000000000000        0x0 /usr/local/Cellar/avr-gcc/9.3.0/lib/avr-gcc/9/gcc/avr/9.3.0/avr5/libgcc.a(_epilogue.o)
 .text.libgcc.fmul
                0x0000000000000000        0x0 /usr/local/Cellar/avr-gcc/9.3.0/lib/avr-gcc/9/gcc/avr/9.3.0/avr5/libgcc.a(_epilogue.o)
 .text.libgcc.fixed
                0x0000000000000000        0x0 /usr/local/Cellar/avr-gcc/9.3.0/lib/avr-gcc/9/gcc/avr/9.3.0/avr5/libgcc.a(_epilogue.o)

Memory Configuration

Name             Origin             Length             Attributes
text             0x0000000000000000 0x0000000000020000 xr
data             0x0000000000800060 0x000000000000ffa0 rw !x
eeprom           0x0000000000810000 0x0000000000010000 rw !x
fuse             0x0000000000820000 0x0000000000000400 rw !x
lock             0x0000000000830000 0x0000000000000400 rw !x
signature        0x0000000000840000 0x0000000000000400 rw !x
user_signatures  0x0000000000850000 0x0000000000000400 rw !x
*default*        0x0000000000000000 0xffffffffffffffff

Linker script and memory map

Address of section .data set to 0x800100
LOAD /usr/local/Cellar/avr-gcc/9.3.0/lib/avr-gcc/9/gcc/avr/9.3.0/../../../../../../avr/lib/avr5/crtatmega168.o
LOAD USART.o
LOAD assign_5.o
START GROUP
LOAD /usr/local/Cellar/avr-gcc/9.3.0/lib/avr-gcc/9/gcc/avr/9.3.0/avr5/libgcc.a
LOAD /usr/local/Cellar/avr-gcc/9.3.0/lib/avr-gcc/9/gcc/avr/9.3.0/../../../../../../avr/lib/avr5/libm.a
LOAD /usr/local/Cellar/avr-gcc/9.3.0/lib/avr-gcc/9/gcc/avr/9.3.0/../../../../../../avr/lib/avr5/libc.a
LOAD /usr/local/Cellar/avr-gcc/9.3.0/lib/avr-gcc/9/gcc/avr/9.3.0/../../../../../../avr/lib/avr5/libatmega168.a
END GROUP
                0x0000000000020000                __TEXT_REGION_LENGTH__ = DEFINED (__TEXT_REGION_LENGTH__)?__TEXT_REGION_LENGTH__:0x20000
                0x000000000000ffa0                __DATA_REGION_LENGTH__ = DEFINED (__DATA_REGION_LENGTH__)?__DATA_REGION_LENGTH__:0xffa0
                0x0000000000010000                __EEPROM_REGION_LENGTH__ = DEFINED (__EEPROM_REGION_LENGTH__)?__EEPROM_REGION_LENGTH__:0x10000
                0x0000000000000400                __FUSE_REGION_LENGTH__ = DEFINED (__FUSE_REGION_LENGTH__)?__FUSE_REGION_LENGTH__:0x400
                0x0000000000000400                __LOCK_REGION_LENGTH__ = DEFINED (__LOCK_REGION_LENGTH__)?__LOCK_REGION_LENGTH__:0x400
                0x0000000000000400                __SIGNATURE_REGION_LENGTH__ = DEFINED (__SIGNATURE_REGION_LENGTH__)?__SIGNATURE_REGION_LENGTH__:0x400
                0x0000000000000400                __USER_SIGNATURE_REGION_LENGTH__ = DEFINED (__USER_SIGNATURE_REGION_LENGTH__)?__USER_SIGNATURE_REGION_LENGTH__:0x400

.hash
 *(.hash)

.dynsym
 *(.dynsym)

.dynstr
 *(.dynstr)

.gnu.version
 *(.gnu.version)

.gnu.version_d
 *(.gnu.version_d)

.gnu.version_r
 *(.gnu.version_r)

.rel.init
 *(.rel.init)

.rela.init
 *(.rela.init)

.rel.text
 *(.rel.text)
 *(.rel.text.*)
 *(.rel.gnu.linkonce.t*)

.rela.text
 *(.rela.text)
 *(.rela.text.*)
 *(.rela.gnu.linkonce.t*)

.rel.fini
 *(.rel.fini)

.rela.fini
 *(.rela.fini)

.rel.rodata
 *(.rel.rodata)
 *(.rel.rodata.*)
 *(.rel.gnu.linkonce.r*)

.rela.rodata
 *(.rela.rodata)
 *(.rela.rodata.*)
 *(.rela.gnu.linkonce.r*)

.rel.data
 *(.rel.data)
 *(.rel.data.*)
 *(.rel.gnu.linkonce.d*)

.rela.data
 *(.rela.data)
 *(.rela.data.*)
 *(.rela.gnu.linkonce.d*)

.rel.ctors
 *(.rel.ctors)

.rela.ctors
 *(.rela.ctors)

.rel.dtors
 *(.rel.dtors)

.rela.dtors
 *(.rela.dtors)

.rel.got
 *(.rel.got)

.rela.got
 *(.rela.got)

.rel.bss
 *(.rel.bss)

.rela.bss
 *(.rela.bss)

.rel.plt
 *(.rel.plt)

.rela.plt
 *(.rela.plt)

.text           0x0000000000000000      0xad8
 *(.vectors)
 .vectors       0x0000000000000000       0x68 /usr/local/Cellar/avr-gcc/9.3.0/lib/avr-gcc/9/gcc/avr/9.3.0/../../../../../../avr/lib/avr5/crtatmega168.o
                0x0000000000000000                __vectors
                0x0000000000000000                __vector_default
 *(.vectors)
 *(.progmem.gcc*)
                0x0000000000000068                . = ALIGN (0x2)
                0x0000000000000068                __trampolines_start = .
 *(.trampolines)
 .trampolines   0x0000000000000068        0x0 linker stubs
 *(.trampolines*)
                0x0000000000000068                __trampolines_end = .
 *libprintf_flt.a:*(.progmem.data)
 *libc.a:*(.progmem.data)
 *(.progmem.*)
                0x0000000000000068                . = ALIGN (0x2)
 *(.lowtext)
 *(.lowtext*)
                0x0000000000000068                __ctors_start = .
 *(.ctors)
                0x0000000000000068                __ctors_end = .
                0x0000000000000068                __dtors_start = .
 *(.dtors)
                0x0000000000000068                __dtors_end = .
 SORT_BY_NAME(*)(.ctors)
 SORT_BY_NAME(*)(.dtors)
 *(.init0)
 .init0         0x0000000000000068        0x0 /usr/local/Cellar/avr-gcc/9.3.0/lib/avr-gcc/9/gcc/avr/9.3.0/../../../../../../avr/lib/avr5/crtatmega168.o
                0x0000000000000068                __init
 *(.init0)
 *(.init1)
 *(.init1)
 *(.init2)
 .init2         0x0000000000000068        0xc /usr/local/Cellar/avr-gcc/9.3.0/lib/avr-gcc/9/gcc/avr/9.3.0/../../../../../../avr/lib/avr5/crtatmega168.o
 *(.init2)
 *(.init3)
 *(.init3)
 *(.init4)
 .init4         0x0000000000000074       0x16 /usr/local/Cellar/avr-gcc/9.3.0/lib/avr-gcc/9/gcc/avr/9.3.0/avr5/libgcc.a(_copy_data.o)
                0x0000000000000074                __do_copy_data
 .init4         0x000000000000008a       0x10 /usr/local/Cellar/avr-gcc/9.3.0/lib/avr-gcc/9/gcc/avr/9.3.0/avr5/libgcc.a(_clear_bss.o)
                0x000000000000008a                __do_clear_bss
 *(.init4)
 *(.init5)
 *(.init5)
 *(.init6)
 *(.init6)
 *(.init7)
 *(.init7)
 *(.init8)
 *(.init8)
 *(.init9)
 .init9         0x000000000000009a        0x8 /usr/local/Cellar/avr-gcc/9.3.0/lib/avr-gcc/9/gcc/avr/9.3.0/../../../../../../avr/lib/avr5/crtatmega168.o
 *(.init9)
 *(.text)
 .text          0x00000000000000a2        0x4 /usr/local/Cellar/avr-gcc/9.3.0/lib/avr-gcc/9/gcc/avr/9.3.0/../../../../../../avr/lib/avr5/crtatmega168.o
                0x00000000000000a2                __vector_20
                0x00000000000000a2                __vector_24
                0x00000000000000a2                __vector_12
                0x00000000000000a2                __bad_interrupt
                0x00000000000000a2                __vector_6
                0x00000000000000a2                __vector_3
                0x00000000000000a2                __vector_23
                0x00000000000000a2                __vector_25
                0x00000000000000a2                __vector_11
                0x00000000000000a2                __vector_13
                0x00000000000000a2                __vector_17
                0x00000000000000a2                __vector_19
                0x00000000000000a2                __vector_7
                0x00000000000000a2                __vector_5
                0x00000000000000a2                __vector_4
                0x00000000000000a2                __vector_9
                0x00000000000000a2                __vector_2
                0x00000000000000a2                __vector_21
                0x00000000000000a2                __vector_15
                0x00000000000000a2                __vector_8
                0x00000000000000a2                __vector_14
                0x00000000000000a2                __vector_10
                0x00000000000000a2                __vector_16
                0x00000000000000a2                __vector_18
                0x00000000000000a2                __vector_22
                0x00000000000000a6                . = ALIGN (0x2)
 *(.text.*)
 .text.transmitByte
                0x00000000000000a6        0xe USART.o
                0x00000000000000a6                transmitByte
 .text.receiveByte
                0x00000000000000b4        0xe USART.o
                0x00000000000000b4                receiveByte
 .text.printString
                0x00000000000000c2       0x26 USART.o
                0x00000000000000c2                printString
 .text.printByte
                0x00000000000000e8       0x32 USART.o
                0x00000000000000e8                printByte
 .text.__vector_1
                0x000000000000011a      0x16e assign_5.o
                0x000000000000011a                __vector_1
 .text.prompt   0x0000000000000288      0x13a assign_5.o
                0x0000000000000288                prompt
 .text.startup.main
                0x00000000000003c2      0x138 assign_5.o
                0x00000000000003c2                main
 .text.libgcc.div
                0x00000000000004fa       0x18 /usr/local/Cellar/avr-gcc/9.3.0/lib/avr-gcc/9/gcc/avr/9.3.0/avr5/libgcc.a(_udivmodqi4.o)
                0x00000000000004fa                __udivmodqi4
 .text.avr-libc
                0x0000000000000512       0x16 /usr/local/Cellar/avr-gcc/9.3.0/lib/avr-gcc/9/gcc/avr/9.3.0/../../../../../../avr/lib/avr5/libc.a(strcat.o)
                0x0000000000000512                strcat
 .text.avr-libc
                0x0000000000000528       0x46 /usr/local/Cellar/avr-gcc/9.3.0/lib/avr-gcc/9/gcc/avr/9.3.0/../../../../../../avr/lib/avr5/libc.a(sprintf.o)
                0x0000000000000528                sprintf
 .text.avr-libc
                0x000000000000056e      0x3b0 /usr/local/Cellar/avr-gcc/9.3.0/lib/avr-gcc/9/gcc/avr/9.3.0/../../../../../../avr/lib/avr5/libc.a(vfprintf_std.o)
                0x000000000000056e                vfprintf
 .text.avr-libc
                0x000000000000091e       0x16 /usr/local/Cellar/avr-gcc/9.3.0/lib/avr-gcc/9/gcc/avr/9.3.0/../../../../../../avr/lib/avr5/libc.a(strnlen_P.o)
                0x000000000000091e                strnlen_P
 .text.avr-libc
                0x0000000000000934       0x16 /usr/local/Cellar/avr-gcc/9.3.0/lib/avr-gcc/9/gcc/avr/9.3.0/../../../../../../avr/lib/avr5/libc.a(strnlen.o)
                0x0000000000000934                strnlen
 .text.avr-libc
                0x000000000000094a       0x60 /usr/local/Cellar/avr-gcc/9.3.0/lib/avr-gcc/9/gcc/avr/9.3.0/../../../../../../avr/lib/avr5/libc.a(fputc.o)
                0x000000000000094a                fputc
 .text.avr-libc
                0x00000000000009aa       0xbc /usr/local/Cellar/avr-gcc/9.3.0/lib/avr-gcc/9/gcc/avr/9.3.0/../../../../../../avr/lib/avr5/libc.a(ultoa_invert.o)
                0x00000000000009aa                __ultoa_invert
 .text.libgcc.prologue
                0x0000000000000a66       0x38 /usr/local/Cellar/avr-gcc/9.3.0/lib/avr-gcc/9/gcc/avr/9.3.0/avr5/libgcc.a(_prologue.o)
                0x0000000000000a66                __prologue_saves__
 .text.libgcc.prologue
                0x0000000000000a9e       0x36 /usr/local/Cellar/avr-gcc/9.3.0/lib/avr-gcc/9/gcc/avr/9.3.0/avr5/libgcc.a(_epilogue.o)
                0x0000000000000a9e                __epilogue_restores__
                0x0000000000000ad4                . = ALIGN (0x2)
 *(.fini9)
 .fini9         0x0000000000000ad4        0x0 /usr/local/Cellar/avr-gcc/9.3.0/lib/avr-gcc/9/gcc/avr/9.3.0/avr5/libgcc.a(_exit.o)
                0x0000000000000ad4                exit
                0x0000000000000ad4                _exit
 *(.fini9)
 *(.fini8)
 *(.fini8)
 *(.fini7)
 *(.fini7)
 *(.fini6)
 *(.fini6)
 *(.fini5)
 *(.fini5)
 *(.fini4)
 *(.fini4)
 *(.fini3)
 *(.fini3)
 *(.fini2)
 *(.fini2)
 *(.fini1)
 *(.fini1)
 *(.fini0)
 .fini0         0x0000000000000ad4        0x4 /usr/local/Cellar/avr-gcc/9.3.0/lib/avr-gcc/9/gcc/avr/9.3.0/avr5/libgcc.a(_exit.o)
 *(.fini0)
 *(.hightext)
 *(.hightext*)
 *(.progmemx.*)
                0x0000000000000ad8                . = ALIGN (0x2)
 *(.jumptables)
 *(.jumptables*)
                0x0000000000000ad8                _etext = .

.data           0x0000000000800100      0x180 load address 0x0000000000000ad8
                0x0000000000800100                PROVIDE (__data_start = .)
 *(.data)
 *(.data*)
 *(.gnu.linkonce.d*)
 *(.rodata)
 *(.rodata*)
 .rodata.__vector_1.str1.1
                0x0000000000800100       0xb5 assign_5.o
 .rodata.prompt.str1.1
                0x00000000008001b5       0xbc assign_5.o
 .rodata.main.str1.1
                0x0000000000800271        0xf assign_5.o
 *(.gnu.linkonce.r*)
                0x0000000000800280                . = ALIGN (0x2)
                0x0000000000800280                _edata = .
                0x0000000000800280                PROVIDE (__data_end = .)

.bss            0x0000000000800280        0x9
                0x0000000000800280                PROVIDE (__bss_start = .)
 *(.bss)
 *(.bss*)
 .bss.BLUE      0x0000000000800280        0x2 assign_5.o
                0x0000000000800280                BLUE
 .bss.GREEN     0x0000000000800282        0x2 assign_5.o
                0x0000000000800282                GREEN
 .bss.RED       0x0000000000800284        0x2 assign_5.o
                0x0000000000800284                RED
 *(COMMON)
 COMMON         0x0000000000800286        0x3 assign_5.o
                0x0000000000800286                num
                0x0000000000800288                lastChar
                0x0000000000800289                PROVIDE (__bss_end = .)
                0x0000000000000ad8                __data_load_start = LOADADDR (.data)
                0x0000000000000c58                __data_load_end = (__data_load_start + SIZEOF (.data))

.noinit         0x0000000000800289        0x0
                [!provide]                        PROVIDE (__noinit_start = .)
 *(.noinit*)
                [!provide]                        PROVIDE (__noinit_end = .)
                0x0000000000800289                _end = .
                [!provide]                        PROVIDE (__heap_start = .)

.eeprom         0x0000000000810000        0x0
 *(.eeprom*)
                0x0000000000810000                __eeprom_end = .

.fuse
 *(.fuse)
 *(.lfuse)
 *(.hfuse)
 *(.efuse)

.lock
 *(.lock*)

.signature
 *(.signature*)

.stab
 *(.stab)

.stabstr
 *(.stabstr)

.stab.excl
 *(.stab.excl)

.stab.exclstr
 *(.stab.exclstr)

.stab.index
 *(.stab.index)

.stab.indexstr
 *(.stab.indexstr)

.comment        0x0000000000000000       0x24
 *(.comment)
 .comment       0x0000000000000000       0x24 USART.o
                                         0x25 (size before relaxing)
 .comment       0x0000000000000024       0x25 assign_5.o
 .comment       0x0000000000000024       0x25 /usr/local/Cellar/avr-gcc/9.3.0/lib/avr-gcc/9/gcc/avr/9.3.0/../../../../../../avr/lib/avr5/libc.a(sprintf.o)
 .comment       0x0000000000000024       0x25 /usr/local/Cellar/avr-gcc/9.3.0/lib/avr-gcc/9/gcc/avr/9.3.0/../../../../../../avr/lib/avr5/libc.a(vfprintf_std.o)
 .comment       0x0000000000000024       0x25 /usr/local/Cellar/avr-gcc/9.3.0/lib/avr-gcc/9/gcc/avr/9.3.0/../../../../../../avr/lib/avr5/libc.a(fputc.o)

.note.gnu.avr.deviceinfo
                0x0000000000000000       0x3c
 .note.gnu.avr.deviceinfo
                0x0000000000000000       0x3c /usr/local/Cellar/avr-gcc/9.3.0/lib/avr-gcc/9/gcc/avr/9.3.0/../../../../../../avr/lib/avr5/crtatmega168.o

.note.gnu.build-id
 *(.note.gnu.build-id)

.debug
 *(.debug)

.line
 *(.line)

.debug_srcinfo
 *(.debug_srcinfo)

.debug_sfnames
 *(.debug_sfnames)

.debug_aranges  0x0000000000000000      0x158
 *(.debug_aranges)
 .debug_aranges
                0x0000000000000000       0x68 USART.o
 .debug_aranges
                0x0000000000000068       0x30 assign_5.o
 .debug_aranges
                0x0000000000000098       0x20 /usr/local/Cellar/avr-gcc/9.3.0/lib/avr-gcc/9/gcc/avr/9.3.0/avr5/libgcc.a(_udivmodqi4.o)
 .debug_aranges
                0x00000000000000b8       0x20 /usr/local/Cellar/avr-gcc/9.3.0/lib/avr-gcc/9/gcc/avr/9.3.0/avr5/libgcc.a(_exit.o)
 .debug_aranges
                0x00000000000000d8       0x20 /usr/local/Cellar/avr-gcc/9.3.0/lib/avr-gcc/9/gcc/avr/9.3.0/avr5/libgcc.a(_copy_data.o)
 .debug_aranges
                0x00000000000000f8       0x20 /usr/local/Cellar/avr-gcc/9.3.0/lib/avr-gcc/9/gcc/avr/9.3.0/avr5/libgcc.a(_clear_bss.o)
 .debug_aranges
                0x0000000000000118       0x20 /usr/local/Cellar/avr-gcc/9.3.0/lib/avr-gcc/9/gcc/avr/9.3.0/avr5/libgcc.a(_prologue.o)
 .debug_aranges
                0x0000000000000138       0x20 /usr/local/Cellar/avr-gcc/9.3.0/lib/avr-gcc/9/gcc/avr/9.3.0/avr5/libgcc.a(_epilogue.o)

.debug_pubnames
 *(.debug_pubnames)

.debug_info     0x0000000000000000     0x129f
 *(.debug_info .gnu.linkonce.wi.*)
 .debug_info    0x0000000000000000      0x5f4 /usr/local/Cellar/avr-gcc/9.3.0/lib/avr-gcc/9/gcc/avr/9.3.0/../../../../../../avr/lib/avr5/crtatmega168.o
 .debug_info    0x00000000000005f4      0x3f1 USART.o
 .debug_info    0x00000000000009e5      0x7d6 assign_5.o
 .debug_info    0x00000000000011bb       0x26 /usr/local/Cellar/avr-gcc/9.3.0/lib/avr-gcc/9/gcc/avr/9.3.0/avr5/libgcc.a(_udivmodqi4.o)
 .debug_info    0x00000000000011e1       0x26 /usr/local/Cellar/avr-gcc/9.3.0/lib/avr-gcc/9/gcc/avr/9.3.0/avr5/libgcc.a(_exit.o)
 .debug_info    0x0000000000001207       0x26 /usr/local/Cellar/avr-gcc/9.3.0/lib/avr-gcc/9/gcc/avr/9.3.0/avr5/libgcc.a(_copy_data.o)
 .debug_info    0x000000000000122d       0x26 /usr/local/Cellar/avr-gcc/9.3.0/lib/avr-gcc/9/gcc/avr/9.3.0/avr5/libgcc.a(_clear_bss.o)
 .debug_info    0x0000000000001253       0x26 /usr/local/Cellar/avr-gcc/9.3.0/lib/avr-gcc/9/gcc/avr/9.3.0/avr5/libgcc.a(_prologue.o)
 .debug_info    0x0000000000001279       0x26 /usr/local/Cellar/avr-gcc/9.3.0/lib/avr-gcc/9/gcc/avr/9.3.0/avr5/libgcc.a(_epilogue.o)

.debug_abbrev   0x0000000000000000      0x9c4
 *(.debug_abbrev)
 .debug_abbrev  0x0000000000000000      0x5a2 /usr/local/Cellar/avr-gcc/9.3.0/lib/avr-gcc/9/gcc/avr/9.3.0/../../../../../../avr/lib/avr5/crtatmega168.o
 .debug_abbrev  0x00000000000005a2      0x140 USART.o
 .debug_abbrev  0x00000000000006e2      0x26a assign_5.o
 .debug_abbrev  0x000000000000094c       0x14 /usr/local/Cellar/avr-gcc/9.3.0/lib/avr-gcc/9/gcc/avr/9.3.0/avr5/libgcc.a(_udivmodqi4.o)
 .debug_abbrev  0x0000000000000960       0x14 /usr/local/Cellar/avr-gcc/9.3.0/lib/avr-gcc/9/gcc/avr/9.3.0/avr5/libgcc.a(_exit.o)
 .debug_abbrev  0x0000000000000974       0x14 /usr/local/Cellar/avr-gcc/9.3.0/lib/avr-gcc/9/gcc/avr/9.3.0/avr5/libgcc.a(_copy_data.o)
 .debug_abbrev  0x0000000000000988       0x14 /usr/local/Cellar/avr-gcc/9.3.0/lib/avr-gcc/9/gcc/avr/9.3.0/avr5/libgcc.a(_clear_bss.o)
 .debug_abbrev  0x000000000000099c       0x14 /usr/local/Cellar/avr-gcc/9.3.0/lib/avr-gcc/9/gcc/avr/9.3.0/avr5/libgcc.a(_prologue.o)
 .debug_abbrev  0x00000000000009b0       0x14 /usr/local/Cellar/avr-gcc/9.3.0/lib/avr-gcc/9/gcc/avr/9.3.0/avr5/libgcc.a(_epilogue.o)

.debug_line     0x0000000000000000     0x1268
 *(.debug_line .debug_line.* .debug_line_end)
 .debug_line    0x0000000000000000       0x1d /usr/local/Cellar/avr-gcc/9.3.0/lib/avr-gcc/9/gcc/avr/9.3.0/../../../../../../avr/lib/avr5/crtatmega168.o
 .debug_line    0x000000000000001d      0x589 USART.o
 .debug_line    0x00000000000005a6      0x8b4 assign_5.o
 .debug_line    0x0000000000000e5a       0x9d /usr/local/Cellar/avr-gcc/9.3.0/lib/avr-gcc/9/gcc/avr/9.3.0/avr5/libgcc.a(_udivmodqi4.o)
 .debug_line    0x0000000000000ef7       0x61 /usr/local/Cellar/avr-gcc/9.3.0/lib/avr-gcc/9/gcc/avr/9.3.0/avr5/libgcc.a(_exit.o)
 .debug_line    0x0000000000000f58       0x97 /usr/local/Cellar/avr-gcc/9.3.0/lib/avr-gcc/9/gcc/avr/9.3.0/avr5/libgcc.a(_copy_data.o)
 .debug_line    0x0000000000000fef       0x85 /usr/local/Cellar/avr-gcc/9.3.0/lib/avr-gcc/9/gcc/avr/9.3.0/avr5/libgcc.a(_clear_bss.o)
 .debug_line    0x0000000000001074       0xfd /usr/local/Cellar/avr-gcc/9.3.0/lib/avr-gcc/9/gcc/avr/9.3.0/avr5/libgcc.a(_prologue.o)
 .debug_line    0x0000000000001171       0xf7 /usr/local/Cellar/avr-gcc/9.3.0/lib/avr-gcc/9/gcc/avr/9.3.0/avr5/libgcc.a(_epilogue.o)

.debug_frame    0x0000000000000000      0x214
 *(.debug_frame)
 .debug_frame   0x0000000000000000      0x140 USART.o
 .debug_frame   0x0000000000000140       0xd4 assign_5.o

.debug_str      0x0000000000000000      0x616
 *(.debug_str)
 .debug_str     0x0000000000000000      0x208 /usr/local/Cellar/avr-gcc/9.3.0/lib/avr-gcc/9/gcc/avr/9.3.0/../../../../../../avr/lib/avr5/crtatmega168.o
 .debug_str     0x0000000000000208      0x1e5 USART.o
                                        0x223 (size before relaxing)
 .debug_str     0x00000000000003ed      0x1a7 assign_5.o
                                        0x306 (size before relaxing)
 .debug_str     0x0000000000000594       0x82 /usr/local/Cellar/avr-gcc/9.3.0/lib/avr-gcc/9/gcc/avr/9.3.0/avr5/libgcc.a(_udivmodqi4.o)
 .debug_str     0x0000000000000616       0x82 /usr/local/Cellar/avr-gcc/9.3.0/lib/avr-gcc/9/gcc/avr/9.3.0/avr5/libgcc.a(_exit.o)
 .debug_str     0x0000000000000616       0x82 /usr/local/Cellar/avr-gcc/9.3.0/lib/avr-gcc/9/gcc/avr/9.3.0/avr5/libgcc.a(_copy_data.o)
 .debug_str     0x0000000000000616       0x82 /usr/local/Cellar/avr-gcc/9.3.0/lib/avr-gcc/9/gcc/avr/9.3.0/avr5/libgcc.a(_clear_bss.o)
 .debug_str     0x0000000000000616       0x82 /usr/local/Cellar/avr-gcc/9.3.0/lib/avr-gcc/9/gcc/avr/9.3.0/avr5/libgcc.a(_prologue.o)
 .debug_str     0x0000000000000616       0x82 /usr/local/Cellar/avr-gcc/9.3.0/lib/avr-gcc/9/gcc/avr/9.3.0/avr5/libgcc.a(_epilogue.o)

.debug_loc      0x0000000000000000      0x7a1
 *(.debug_loc)
 .debug_loc     0x0000000000000000      0x42f USART.o
 .debug_loc     0x000000000000042f      0x372 assign_5.o

.debug_macinfo
 *(.debug_macinfo)

.debug_weaknames
 *(.debug_weaknames)

.debug_funcnames
 *(.debug_funcnames)

.debug_typenames
 *(.debug_typenames)

.debug_varnames
 *(.debug_varnames)

.debug_pubtypes
 *(.debug_pubtypes)

.debug_ranges   0x0000000000000000       0x78
 *(.debug_ranges)
 .debug_ranges  0x0000000000000000       0x58 USART.o
 .debug_ranges  0x0000000000000058       0x20 assign_5.o

.debug_macro
 *(.debug_macro)

.debug_addr
 *(.debug_addr)
OUTPUT(assign_5.elf elf32-avr)
LOAD linker stubs
